// Jest Snapshot v1, https://goo.gl/fbAQLP

exports[`Snapshot testing matches the snapshot 1`] = `
<div
  className="kt-login__signup undefined"
>
  <div
    className="kt-login__head"
  >
    <h3
      className="kt-login__title"
    >
      Request Access
    </h3>
    <div
      className="kt-login__desc"
    >
      Enter your details to request access:
    </div>
  </div>
  <form
    action=""
    className="kt-form"
    onSubmit={[Function]}
  >
    <div
      className="kt-alert kt-alert--outline alert alert-danger alert-dismissible animated fadeIn"
      hidden={true}
      role="alert"
    >
      <button
        aria-label="Close"
        className="close"
        data-dismiss="alert"
        type="button"
      />
      <span>
        
      </span>
    </div>
    <div
      className="input-group row"
    >
      <input
        className="form-control mr-2"
        name="firstName"
        onChange={[Function]}
        placeholder="First Name"
        type="text"
      />
      <input
        className="form-control ml-2"
        name="lastName"
        onChange={[Function]}
        placeholder="Last Name"
        type="text"
      />
    </div>
    <div
      className="input-group"
    >
      <input
        autoComplete="off"
        className="form-control"
        name="emailAddress"
        onChange={[Function]}
        placeholder="Email"
        type="text"
      />
    </div>
    <div
      className="input-group"
    >
      <input
        className="form-control"
        name="phoneNumber"
        onChange={[Function]}
        placeholder="Phone Number"
        type="text"
      />
    </div>
    <div
      className="input-group"
    >
      <input
        className="form-control mr-2"
        name="password"
        onChange={[Function]}
        placeholder="Password"
        type="password"
      />
      <input
        className="form-control ml-2"
        name="rpassword"
        onChange={[Function]}
        placeholder="Confirm Password"
        type="password"
      />
    </div>
    <div
      className="row kt-login__extra"
    >
      <div
        className="col kt-align-left"
      >
        <label
          className="kt-checkbox"
        >
          <input
            name="agree"
            type="checkbox"
          />
          I Agree the 
          <a
            className="kt-link kt-login__link kt-font-bold"
            href="/"
          >
            terms and conditions
          </a>
          .
          <span />
        </label>
        <span
          className="form-text text-muted"
        />
      </div>
    </div>
    <div
      className="kt-login__actions"
    >
      <button
        className="btn btn-brand btn-elevate kt-login__btn-primary "
        disabled={false}
        id="kt_login_signup_submit"
      >
        Request
      </button>
       
       
      <button
        className="btn btn-light btn-elevate kt-login__btn-secondary"
        id="kt_login_signup_cancel"
        onClick={[Function]}
      >
        Cancel
      </button>
    </div>
  </form>
</div>
`;
